[0.147s] Invoking command in '/home/rafachoyos/Documents/Facul/GER/BracoRobotico/Braco-Robotico-Humanoide/ros2_ws/build/braco_ger_description': CMAKE_PREFIX_PATH=${CMAKE_PREFIX_PATH}:/home/rafachoyos/ros2_jazzy_ws/install/rqt_bag_plugins:/home/rafachoyos/ros2_jazzy_ws/install/rqt_bag:/home/rafachoyos/ros2_jazzy_ws/install/rosbag2_examples_py:/home/rafachoyos/ros2_jazzy_ws/install/launch_testing_examples:/home/rafachoyos/ros2_jazzy_ws/install/ros2bag:/home/rafachoyos/ros2_jazzy_ws/install/tracetools_test:/home/rafachoyos/ros2_jazzy_ws/install/tracetools_launch:/home/rafachoyos/ros2_jazzy_ws/install/topic_monitor:/home/rafachoyos/ros2_jazzy_ws/install/tf2_tools:/home/rafachoyos/ros2_jazzy_ws/install/examples_tf2_py:/home/rafachoyos/ros2_jazzy_ws/install/tf2_ros_py:/home/rafachoyos/ros2_jazzy_ws/install/examples_rclpy_pointcloud_publisher:/home/rafachoyos/ros2_jazzy_ws/install/sensor_msgs_py:/home/rafachoyos/ros2_jazzy_ws/install/quality_of_service_demo_py:/home/rafachoyos/ros2_jazzy_ws/install/camera_info_manager_py:/home/rafachoyos/ros2_jazzy_ws/install/rqt_plot:/home/rafachoyos/ros2_jazzy_ws/install/ros2doctor:/home/rafachoyos/ros2_jazzy_ws/install/lifecycle_py:/home/rafachoyos/ros2_jazzy_ws/install/examples_rclpy_minimal_subscriber:/home/rafachoyos/ros2_jazzy_ws/install/examples_rclpy_minimal_service:/home/rafachoyos/ros2_jazzy_ws/install/examples_rclpy_minimal_publisher:/home/rafachoyos/ros2_jazzy_ws/install/examples_rclpy_minimal_client:/home/rafachoyos/ros2_jazzy_ws/install/examples_rclpy_executors:/home/rafachoyos/ros2_jazzy_ws/install/demo_nodes_py:/home/rafachoyos/ros2_jazzy_ws/install/rqt:/home/rafachoyos/ros2_jazzy_ws/install/ros2component:/home/rafachoyos/ros2_jazzy_ws/install/sros2:/home/rafachoyos/ros2_jazzy_ws/install/rqt_topic:/home/rafachoyos/ros2_jazzy_ws/install/rqt_srv:/home/rafachoyos/ros2_jazzy_ws/install/rqt_shell:/home/rafachoyos/ros2_jazzy_ws/install/rqt_service_caller:/home/rafachoyos/ros2_jazzy_ws/install/rqt_reconfigure:/home/rafachoyos/ros2_jazzy_ws/install/rqt_py_console:/home/rafachoyos/ros2_jazzy_ws/install/rqt_publisher:/home/rafachoyos/ros2_jazzy_ws/install/rqt_action:/home/rafachoyos/ros2_jazzy_ws/install/rqt_msg:/home/rafachoyos/ros2_jazzy_ws/install/rqt_console:/home/rafachoyos/ros2_jazzy_ws/install/rqt_graph:/home/rafachoyos/ros2_jazzy_ws/install/rqt_gui_py:/home/rafachoyos/ros2_jazzy_ws/install/rqt_gui:/home/rafachoyos/ros2_jazzy_ws/install/ros2trace:/home/rafachoyos/ros2_jazzy_ws/install/ros2param:/home/rafachoyos/ros2_jazzy_ws/install/ros2lifecycle:/home/rafachoyos/ros2_jazzy_ws/install/ros2service:/home/rafachoyos/ros2_jazzy_ws/install/ros2topic:/home/rafachoyos/ros2_jazzy_ws/install/ros2test:/home/rafachoyos/ros2_jazzy_ws/install/ros2run:/home/rafachoyos/ros2_jazzy_ws/install/ros2launch:/home/rafachoyos/ros2_jazzy_ws/install/ros2pkg:/home/rafachoyos/ros2_jazzy_ws/install/ros2node:/home/rafachoyos/ros2_jazzy_ws/install/ros2multicast:/home/rafachoyos/ros2_jazzy_ws/install/ros2interface:/home/rafachoyos/ros2_jazzy_ws/install/ros2action:/home/rafachoyos/ros2_jazzy_ws/install/ros2cli:/home/rafachoyos/ros2_jazzy_ws/install/launch_testing_ros:/home/rafachoyos/ros2_jazzy_ws/install/launch_ros:/home/rafachoyos/ros2_jazzy_ws/install/examples_rclpy_minimal_action_server:/home/rafachoyos/ros2_jazzy_ws/install/examples_rclpy_minimal_action_client:/home/rafachoyos/ros2_jazzy_ws/install/examples_rclpy_guard_conditions:/home/rafachoyos/ros2_jazzy_ws/install/action_tutorials_py:/home/rafachoyos/ros2_jazzy_ws/install/ament_uncrustify:/home/rafachoyos/ros2_jazzy_ws/install/tracetools_trace:/home/rafachoyos/ros2_jazzy_ws/install/tracetools_read:/home/rafachoyos/ros2_jazzy_ws/install/test_tracetools_launch:/home/rafachoyos/ros2_jazzy_ws/install/test_ros2trace:/home/rafachoyos/ros2_jazzy_ws/install/test_launch_ros:/home/rafachoyos/ros2_jazzy_ws/install/rpyutils:/home/rafachoyos/ros2_jazzy_ws/install/rosidl_runtime_py:/home/rafachoyos/ros2_jazzy_ws/install/rosidl_pycommon:/home/rafachoyos/ros2_jazzy_ws/install/rosidl_cli:/home/rafachoyos/ros2_jazzy_ws/install/launch_pytest:/home/rafachoyos/ros2_jazzy_ws/install/launch_testing:/home/rafachoyos/ros2_jazzy_ws/install/launch_yaml:/home/rafachoyos/ros2_jazzy_ws/install/launch_xml:/home/rafachoyos/ros2_jazzy_ws/install/launch:/home/rafachoyos/ros2_jazzy_ws/install/osrf_pycommon:/home/rafachoyos/ros2_jazzy_ws/install/domain_coordinator:/home/rafachoyos/ros2_jazzy_ws/install/ament_xmllint:/home/rafachoyos/ros2_jazzy_ws/install/ament_pyflakes:/home/rafachoyos/ros2_jazzy_ws/install/ament_pycodestyle:/home/rafachoyos/ros2_jazzy_ws/install/ament_pep257:/home/rafachoyos/ros2_jazzy_ws/install/ament_pclint:/home/rafachoyos/ros2_jazzy_ws/install/ament_package:/home/rafachoyos/ros2_jazzy_ws/install/ament_mypy:/home/rafachoyos/ros2_jazzy_ws/install/ament_lint_cmake:/home/rafachoyos/ros2_jazzy_ws/install/ament_flake8:/home/rafachoyos/ros2_jazzy_ws/install/ament_copyright:/home/rafachoyos/ros2_jazzy_ws/install/ament_lint:/home/rafachoyos/ros2_jazzy_ws/install/ament_index_python:/home/rafachoyos/ros2_jazzy_ws/install/ament_cpplint:/home/rafachoyos/ros2_jazzy_ws/install/ament_cppcheck:/home/rafachoyos/ros2_jazzy_ws/install/ament_clang_tidy:/home/rafachoyos/ros2_jazzy_ws/install/ament_clang_format /usr/bin/cmake /home/rafachoyos/Documents/Facul/GER/BracoRobotico/Braco-Robotico-Humanoide/ros2_ws/src/braco_ger_description -DCMAKE_INSTALL_PREFIX=/home/rafachoyos/Documents/Facul/GER/BracoRobotico/Braco-Robotico-Humanoide/ros2_ws/install/braco_ger_description
[0.224s] [0mCMake Deprecation Warning at CMakeLists.txt:1 (cmake_minimum_required):
[0.224s]   Compatibility with CMake < 3.10 will be removed from a future version of
[0.224s]   CMake.
[0.225s] 
[0.225s]   Update the VERSION argument <min> value.  Or, use the <min>...<max> syntax
[0.225s]   to tell CMake that the project requires at least <min> but has been updated
[0.225s]   to work with policies introduced by <max> or earlier.
[0.225s] 
[0.226s] [0m
[0.683s] -- The C compiler identification is GNU 14.2.0
[1.078s] -- The CXX compiler identification is GNU 14.2.0
[1.124s] -- Detecting C compiler ABI info
[1.733s] -- Detecting C compiler ABI info - done
[1.829s] -- Check for working C compiler: /usr/bin/cc - skipped
[1.829s] -- Detecting C compile features
[1.831s] -- Detecting C compile features - done
[1.882s] -- Detecting CXX compiler ABI info
[2.580s] -- Detecting CXX compiler ABI info - done
[2.651s] -- Check for working CXX compiler: /usr/bin/c++ - skipped
[2.653s] -- Detecting CXX compile features
[2.655s] -- Detecting CXX compile features - done
[2.767s] -- Found ament_cmake: 2.5.4 (/home/rafachoyos/ros2_jazzy_ws/install/ament_cmake/share/ament_cmake/cmake)
[8.438s] -- Found Python3: /usr/bin/python3 (found version "3.13.5") found components: Interpreter
[9.808s] -- Found urdf: 2.10.0 (/home/rafachoyos/ros2_jazzy_ws/install/urdf/share/urdf/cmake)
[10.233s] -- Found TinyXML2 via Config file: /usr/lib/x86_64-linux-gnu/cmake/tinyxml2
[10.390s] [31mCMake Error at CMakeLists.txt:11 (find_package):
[10.391s]   By not providing "Findxacro.cmake" in CMAKE_MODULE_PATH this project has
[10.391s]   asked CMake to find a package configuration file provided by "xacro", but
[10.391s]   CMake did not find one.
[10.391s] 
[10.391s]   Could not find a package configuration file provided by "xacro" with any of
[10.392s]   the following names:
[10.392s] 
[10.392s]     xacroConfig.cmake
[10.392s]     xacro-config.cmake
[10.392s] 
[10.392s]   Add the installation prefix of "xacro" to CMAKE_PREFIX_PATH or set
[10.392s]   "xacro_DIR" to a directory containing one of the above files.  If "xacro"
[10.393s]   provides a separate development package or SDK, be sure it has been
[10.393s]   installed.
[10.393s] 
[10.396s] [0m
[10.396s] -- Configuring incomplete, errors occurred!
[10.405s] Invoked command in '/home/rafachoyos/Documents/Facul/GER/BracoRobotico/Braco-Robotico-Humanoide/ros2_ws/build/braco_ger_description' returned '1': CMAKE_PREFIX_PATH=${CMAKE_PREFIX_PATH}:/home/rafachoyos/ros2_jazzy_ws/install/rqt_bag_plugins:/home/rafachoyos/ros2_jazzy_ws/install/rqt_bag:/home/rafachoyos/ros2_jazzy_ws/install/rosbag2_examples_py:/home/rafachoyos/ros2_jazzy_ws/install/launch_testing_examples:/home/rafachoyos/ros2_jazzy_ws/install/ros2bag:/home/rafachoyos/ros2_jazzy_ws/install/tracetools_test:/home/rafachoyos/ros2_jazzy_ws/install/tracetools_launch:/home/rafachoyos/ros2_jazzy_ws/install/topic_monitor:/home/rafachoyos/ros2_jazzy_ws/install/tf2_tools:/home/rafachoyos/ros2_jazzy_ws/install/examples_tf2_py:/home/rafachoyos/ros2_jazzy_ws/install/tf2_ros_py:/home/rafachoyos/ros2_jazzy_ws/install/examples_rclpy_pointcloud_publisher:/home/rafachoyos/ros2_jazzy_ws/install/sensor_msgs_py:/home/rafachoyos/ros2_jazzy_ws/install/quality_of_service_demo_py:/home/rafachoyos/ros2_jazzy_ws/install/camera_info_manager_py:/home/rafachoyos/ros2_jazzy_ws/install/rqt_plot:/home/rafachoyos/ros2_jazzy_ws/install/ros2doctor:/home/rafachoyos/ros2_jazzy_ws/install/lifecycle_py:/home/rafachoyos/ros2_jazzy_ws/install/examples_rclpy_minimal_subscriber:/home/rafachoyos/ros2_jazzy_ws/install/examples_rclpy_minimal_service:/home/rafachoyos/ros2_jazzy_ws/install/examples_rclpy_minimal_publisher:/home/rafachoyos/ros2_jazzy_ws/install/examples_rclpy_minimal_client:/home/rafachoyos/ros2_jazzy_ws/install/examples_rclpy_executors:/home/rafachoyos/ros2_jazzy_ws/install/demo_nodes_py:/home/rafachoyos/ros2_jazzy_ws/install/rqt:/home/rafachoyos/ros2_jazzy_ws/install/ros2component:/home/rafachoyos/ros2_jazzy_ws/install/sros2:/home/rafachoyos/ros2_jazzy_ws/install/rqt_topic:/home/rafachoyos/ros2_jazzy_ws/install/rqt_srv:/home/rafachoyos/ros2_jazzy_ws/install/rqt_shell:/home/rafachoyos/ros2_jazzy_ws/install/rqt_service_caller:/home/rafachoyos/ros2_jazzy_ws/install/rqt_reconfigure:/home/rafachoyos/ros2_jazzy_ws/install/rqt_py_console:/home/rafachoyos/ros2_jazzy_ws/install/rqt_publisher:/home/rafachoyos/ros2_jazzy_ws/install/rqt_action:/home/rafachoyos/ros2_jazzy_ws/install/rqt_msg:/home/rafachoyos/ros2_jazzy_ws/install/rqt_console:/home/rafachoyos/ros2_jazzy_ws/install/rqt_graph:/home/rafachoyos/ros2_jazzy_ws/install/rqt_gui_py:/home/rafachoyos/ros2_jazzy_ws/install/rqt_gui:/home/rafachoyos/ros2_jazzy_ws/install/ros2trace:/home/rafachoyos/ros2_jazzy_ws/install/ros2param:/home/rafachoyos/ros2_jazzy_ws/install/ros2lifecycle:/home/rafachoyos/ros2_jazzy_ws/install/ros2service:/home/rafachoyos/ros2_jazzy_ws/install/ros2topic:/home/rafachoyos/ros2_jazzy_ws/install/ros2test:/home/rafachoyos/ros2_jazzy_ws/install/ros2run:/home/rafachoyos/ros2_jazzy_ws/install/ros2launch:/home/rafachoyos/ros2_jazzy_ws/install/ros2pkg:/home/rafachoyos/ros2_jazzy_ws/install/ros2node:/home/rafachoyos/ros2_jazzy_ws/install/ros2multicast:/home/rafachoyos/ros2_jazzy_ws/install/ros2interface:/home/rafachoyos/ros2_jazzy_ws/install/ros2action:/home/rafachoyos/ros2_jazzy_ws/install/ros2cli:/home/rafachoyos/ros2_jazzy_ws/install/launch_testing_ros:/home/rafachoyos/ros2_jazzy_ws/install/launch_ros:/home/rafachoyos/ros2_jazzy_ws/install/examples_rclpy_minimal_action_server:/home/rafachoyos/ros2_jazzy_ws/install/examples_rclpy_minimal_action_client:/home/rafachoyos/ros2_jazzy_ws/install/examples_rclpy_guard_conditions:/home/rafachoyos/ros2_jazzy_ws/install/action_tutorials_py:/home/rafachoyos/ros2_jazzy_ws/install/ament_uncrustify:/home/rafachoyos/ros2_jazzy_ws/install/tracetools_trace:/home/rafachoyos/ros2_jazzy_ws/install/tracetools_read:/home/rafachoyos/ros2_jazzy_ws/install/test_tracetools_launch:/home/rafachoyos/ros2_jazzy_ws/install/test_ros2trace:/home/rafachoyos/ros2_jazzy_ws/install/test_launch_ros:/home/rafachoyos/ros2_jazzy_ws/install/rpyutils:/home/rafachoyos/ros2_jazzy_ws/install/rosidl_runtime_py:/home/rafachoyos/ros2_jazzy_ws/install/rosidl_pycommon:/home/rafachoyos/ros2_jazzy_ws/install/rosidl_cli:/home/rafachoyos/ros2_jazzy_ws/install/launch_pytest:/home/rafachoyos/ros2_jazzy_ws/install/launch_testing:/home/rafachoyos/ros2_jazzy_ws/install/launch_yaml:/home/rafachoyos/ros2_jazzy_ws/install/launch_xml:/home/rafachoyos/ros2_jazzy_ws/install/launch:/home/rafachoyos/ros2_jazzy_ws/install/osrf_pycommon:/home/rafachoyos/ros2_jazzy_ws/install/domain_coordinator:/home/rafachoyos/ros2_jazzy_ws/install/ament_xmllint:/home/rafachoyos/ros2_jazzy_ws/install/ament_pyflakes:/home/rafachoyos/ros2_jazzy_ws/install/ament_pycodestyle:/home/rafachoyos/ros2_jazzy_ws/install/ament_pep257:/home/rafachoyos/ros2_jazzy_ws/install/ament_pclint:/home/rafachoyos/ros2_jazzy_ws/install/ament_package:/home/rafachoyos/ros2_jazzy_ws/install/ament_mypy:/home/rafachoyos/ros2_jazzy_ws/install/ament_lint_cmake:/home/rafachoyos/ros2_jazzy_ws/install/ament_flake8:/home/rafachoyos/ros2_jazzy_ws/install/ament_copyright:/home/rafachoyos/ros2_jazzy_ws/install/ament_lint:/home/rafachoyos/ros2_jazzy_ws/install/ament_index_python:/home/rafachoyos/ros2_jazzy_ws/install/ament_cpplint:/home/rafachoyos/ros2_jazzy_ws/install/ament_cppcheck:/home/rafachoyos/ros2_jazzy_ws/install/ament_clang_tidy:/home/rafachoyos/ros2_jazzy_ws/install/ament_clang_format /usr/bin/cmake /home/rafachoyos/Documents/Facul/GER/BracoRobotico/Braco-Robotico-Humanoide/ros2_ws/src/braco_ger_description -DCMAKE_INSTALL_PREFIX=/home/rafachoyos/Documents/Facul/GER/BracoRobotico/Braco-Robotico-Humanoide/ros2_ws/install/braco_ger_description
